// Jest Snapshot v1, https://goo.gl/fbAQLP

exports[`renders without crashing 1`] = `
<DocumentFragment>
  <div>
    <form>
      <label>
        New Todo:
      </label>
      <input
        value=""
      />
      <button>
        Add Todo
      </button>
    </form>
  </div>
</DocumentFragment>
`;
